FasterCron Test Report - Generated by automated verification

This file will contain test results. Let me check what files exist:
$(ls -la faster_cron/ && ls -la test/)
